#
# There is insufficient memory for the Java Runtime Environment to continue.
# Native memory allocation (mmap) failed to map 134217728 bytes for Failed to commit area from 0x0000000081c00000 to 0x0000000089c00000 of length 134217728.
# Possible reasons:
#   The system is out of physical RAM or swap space
#   The process is running with CompressedOops enabled, and the Java Heap may be blocking the growth of the native heap
# Possible solutions:
#   Reduce memory load on the system
#   Increase physical memory or swap space
#   Check if swap backing store is full
#   Decrease Java heap size (-Xmx/-Xms)
#   Decrease number of Java threads
#   Decrease Java thread stack sizes (-Xss)
#   Set larger code cache with -XX:ReservedCodeCacheSize=
# This output file may be truncated or incomplete.
#
#  Out of Memory Error (./src/hotspot/os/windows/os_windows.cpp:3619), pid=30976, tid=37184
#
# JRE version:  (11.0.13+7) (build )
# Java VM: OpenJDK 64-Bit Server VM (11.0.13+7-b1751.25, mixed mode, sharing, tiered, compressed oops, g1 gc, windows-amd64)
# No core dump will be written. Minidumps are not enabled by default on client versions of Windows
#

---------------  S U M M A R Y ------------

Command Line: git4idea.http.GitAskPassApp Username for 'https://gitee.com': 

Host: Intel(R) Core(TM) i7-8550U CPU @ 1.80GHz, 8 cores, 7G,  Windows 10 , 64 bit Build 19041 (10.0.19041.5915)
Time: Tue Jul  8 00:08:49 2025 中国标准时间 elapsed time: 0.049752 seconds (0d 0h 0m 0s)

---------------  T H R E A D  ---------------

Current thread (0x00000115e104c800):  JavaThread "Unknown thread" [_thread_in_vm, id=37184, stack(0x0000000970400000,0x0000000970500000)]

Stack: [0x0000000970400000,0x0000000970500000]
Native frames: (J=compiled Java code, j=interpreted, Vv=VM code, C=native code)
V  [jvm.dll+0x613daa]
V  [jvm.dll+0x799b30]
V  [jvm.dll+0x79b14d]
V  [jvm.dll+0x79b823]
V  [jvm.dll+0x24c958]
V  [jvm.dll+0x610e24]
V  [jvm.dll+0x605b25]
V  [jvm.dll+0x30aaab]
V  [jvm.dll+0x30aa1a]
V  [jvm.dll+0x30a8f2]
V  [jvm.dll+0x30f856]
V  [jvm.dll+0x359143]
V  [jvm.dll+0x359846]
V  [jvm.dll+0x359243]
V  [jvm.dll+0x2e57a8]
V  [jvm.dll+0x2e6947]
V  [jvm.dll+0x776d47]
V  [jvm.dll+0x77853c]
V  [jvm.dll+0x3666c9]
V  [jvm.dll+0x75a9ce]
V  [jvm.dll+0x3d47d3]
V  [jvm.dll+0x3d6d21]
C  [jli.dll+0x536b]
C  [ucrtbase.dll+0x21bb2]
C  [KERNEL32.DLL+0x17374]
C  [ntdll.dll+0x4cc91]


---------------  P R O C E S S  ---------------

Threads class SMR info:
_java_thread_list=0x00000115deeb4f20, length=0, elements={
}

Java Threads: ( => current thread )

Other Threads:
  0x00000115e1067800 GCTaskThread "GC Thread#0" [stack: 0x0000000970500000,0x0000000970600000] [id=37772]
  0x00000115e1098800 ConcurrentGCThread "G1 Main Marker" [stack: 0x0000000970600000,0x0000000970700000] [id=35508]
  0x00000115e109b000 ConcurrentGCThread "G1 Conc#0" [stack: 0x0000000970700000,0x0000000970800000] [id=5896]

[error occurred during error reporting (printing all threads), id 0xc0000005, EXCEPTION_ACCESS_VIOLATION (0xc0000005) at pc=0x00007ffe8b065c97]

VM state:not at safepoint (not fully initialized)

VM Mutex/Monitor currently owned by a thread:  ([mutex/lock_event])
[0x00000115e1049740] Heap_lock - owner thread: 0x00000115e104c800

Heap address: 0x0000000081c00000, size: 2020 MB, Compressed Oops mode: Non-zero based: 0x0000000081c00000
Narrow klass base: 0x0000000000000000, Narrow klass shift: 0

GC Heap History (0 events):
No events

Deoptimization events (0 events):
No events

Classes redefined (0 events):
No events

Internal exceptions (0 events):
No events

Events (1 events):
Event: 0.012 Loaded shared library D:\Program Files (x86)\JetBrains\IntelliJ IDEA 2021.3.2\jbr\bin\zip.dll


Dynamic libraries:
0x00007ff77a3c0000 - 0x00007ff77a3ca000 	D:\Program Files (x86)\JetBrains\IntelliJ IDEA 2021.3.2\jbr\bin\java.exe
0x00007fff30e30000 - 0x00007fff31028000 	C:\Windows\SYSTEM32\ntdll.dll
0x00007fff2f580000 - 0x00007fff2f642000 	C:\Windows\System32\KERNEL32.DLL
0x00007fff2e4c0000 - 0x00007fff2e7b6000 	C:\Windows\System32\KERNELBASE.dll
0x00007fff2ac90000 - 0x00007fff2ad24000 	C:\Windows\SYSTEM32\apphelp.dll
0x00007fff2eb10000 - 0x00007fff2ec10000 	C:\Windows\System32\ucrtbase.dll
0x00007fff21570000 - 0x00007fff21587000 	D:\Program Files (x86)\JetBrains\IntelliJ IDEA 2021.3.2\jbr\bin\VCRUNTIME140.dll
0x00007fff1fac0000 - 0x00007fff1fad9000 	D:\Program Files (x86)\JetBrains\IntelliJ IDEA 2021.3.2\jbr\bin\jli.dll
0x00007fff2fa50000 - 0x00007fff2fbed000 	C:\Windows\System32\USER32.dll
0x00007fff2edd0000 - 0x00007fff2edf2000 	C:\Windows\System32\win32u.dll
0x00007fff1e6f0000 - 0x00007fff1e98a000 	C:\Windows\WinSxS\amd64_microsoft.windows.common-controls_6595b64144ccf1df_6.0.19041.5915_none_60b4b9d171f9c7c7\COMCTL32.dll
0x00007fff2f2a0000 - 0x00007fff2f33e000 	C:\Windows\System32\msvcrt.dll
0x00007fff2f710000 - 0x00007fff2f73b000 	C:\Windows\System32\GDI32.dll
0x00007fff2e890000 - 0x00007fff2e9a9000 	C:\Windows\System32\gdi32full.dll
0x00007fff2e7f0000 - 0x00007fff2e88d000 	C:\Windows\System32\msvcp_win.dll
0x00007fff2f340000 - 0x00007fff2f36f000 	C:\Windows\System32\IMM32.DLL
0x00007ffeeb490000 - 0x00007ffeeb52d000 	D:\Program Files (x86)\JetBrains\IntelliJ IDEA 2021.3.2\jbr\bin\msvcp140.dll
0x00007ffe8ad70000 - 0x00007ffe8b8e6000 	D:\Program Files (x86)\JetBrains\IntelliJ IDEA 2021.3.2\jbr\bin\server\jvm.dll
0x00007fff2f4c0000 - 0x00007fff2f571000 	C:\Windows\System32\ADVAPI32.dll
0x00007fff2ffd0000 - 0x00007fff3006f000 	C:\Windows\System32\sechost.dll
0x00007fff2f7f0000 - 0x00007fff2f913000 	C:\Windows\System32\RPCRT4.dll
0x00007fff2e7c0000 - 0x00007fff2e7e7000 	C:\Windows\System32\bcrypt.dll
0x00007fff30d10000 - 0x00007fff30d18000 	C:\Windows\System32\PSAPI.DLL
0x00007fff294a0000 - 0x00007fff294aa000 	C:\Windows\SYSTEM32\VERSION.dll
0x00007fff281d0000 - 0x00007fff281d9000 	C:\Windows\SYSTEM32\WSOCK32.dll
0x00007fff1e990000 - 0x00007fff1e9b7000 	C:\Windows\SYSTEM32\WINMM.dll
0x00007fff30d80000 - 0x00007fff30deb000 	C:\Windows\System32\WS2_32.dll
0x00007fff2cd30000 - 0x00007fff2cd42000 	C:\Windows\SYSTEM32\kernel.appcore.dll
0x00007fff214b0000 - 0x00007fff214c1000 	D:\Program Files (x86)\JetBrains\IntelliJ IDEA 2021.3.2\jbr\bin\verify.dll
0x00007fff2c060000 - 0x00007fff2c261000 	C:\Windows\SYSTEM32\DBGHELP.DLL
0x00007fff256d0000 - 0x00007fff25704000 	C:\Windows\SYSTEM32\dbgcore.DLL
0x00007fff2ec90000 - 0x00007fff2ed12000 	C:\Windows\System32\bcryptPrimitives.dll
0x00007fff21480000 - 0x00007fff214a9000 	D:\Program Files (x86)\JetBrains\IntelliJ IDEA 2021.3.2\jbr\bin\java.dll
0x00007fff281b0000 - 0x00007fff281bb000 	D:\Program Files (x86)\JetBrains\IntelliJ IDEA 2021.3.2\jbr\bin\jimage.dll
0x00007fff1faa0000 - 0x00007fff1fab8000 	D:\Program Files (x86)\JetBrains\IntelliJ IDEA 2021.3.2\jbr\bin\zip.dll

dbghelp: loaded successfully - version: 4.0.5 - missing functions: none
symbol engine: initialized successfully - sym options: 0x614 - pdb path: .;D:\Program Files (x86)\JetBrains\IntelliJ IDEA 2021.3.2\jbr\bin;C:\Windows\SYSTEM32;C:\Windows\WinSxS\amd64_microsoft.windows.common-controls_6595b64144ccf1df_6.0.19041.5915_none_60b4b9d171f9c7c7;D:\Program Files (x86)\JetBrains\IntelliJ IDEA 2021.3.2\jbr\bin\server

VM Arguments:
java_command: git4idea.http.GitAskPassApp Username for 'https://gitee.com': 
java_class_path (initial): D:/Program Files (x86)/JetBrains/IntelliJ IDEA 2021.3.2/plugins/git4idea/lib/git4idea-rt.jar;D:/Program Files (x86)/JetBrains/IntelliJ IDEA 2021.3.2/lib/3rd-party.jar;D:/Program Files (x86)/JetBrains/IntelliJ IDEA 2021.3.2/lib/3rd-party-rt.jar
Launcher Type: SUN_STANDARD

[Global flags]
     intx CICompilerCount                          = 4                                         {product} {ergonomic}
     uint ConcGCThreads                            = 2                                         {product} {ergonomic}
     uint G1ConcRefinementThreads                  = 8                                         {product} {ergonomic}
   size_t G1HeapRegionSize                         = 1048576                                   {product} {ergonomic}
    uintx GCDrainStackTargetSize                   = 64                                        {product} {ergonomic}
   size_t InitialHeapSize                          = 134217728                                 {product} {ergonomic}
   size_t MarkStackSize                            = 4194304                                   {product} {ergonomic}
   size_t MaxHeapSize                              = 2118123520                                {product} {ergonomic}
   size_t MinHeapDeltaBytes                        = 1048576                                   {product} {ergonomic}
    uintx NonNMethodCodeHeapSize                   = 5836300                                {pd product} {ergonomic}
    uintx NonProfiledCodeHeapSize                  = 122910970                              {pd product} {ergonomic}
    uintx ProfiledCodeHeapSize                     = 122910970                              {pd product} {ergonomic}
    uintx ReservedCodeCacheSize                    = 251658240                              {pd product} {ergonomic}
     bool SegmentedCodeCache                       = true                                      {product} {ergonomic}
     bool UseCompressedClassPointers               = true                                 {lp64_product} {ergonomic}
     bool UseCompressedOops                        = true                                 {lp64_product} {ergonomic}
     bool UseG1GC                                  = true                                      {product} {ergonomic}
     bool UseLargePagesIndividualAllocation        = false                                  {pd product} {ergonomic}

Logging:
Log output configuration:
 #0: stdout all=warning uptime,level,tags
 #1: stderr all=off uptime,level,tags

Environment Variables:
JAVA_HOME=D:\Java\jdk1.8.0_271
PATH=D:/Program Files/Git/mingw64/libexec/git-core;D:/Program Files/Git/mingw64/libexec/git-core;D:\Program Files\Git\mingw64\bin;D:\Program Files\Git\usr\bin;C:\Users\Administrator\bin;C:\Windows\system32;C:\Windows;C:\Windows\System32\Wbem;C:\Windows\System32\WindowsPowerShell\v1.0\;C:\Windows\System32\OpenSSH\;D:\Java\jdk1.8.0_271\bin;D:\Program Files\TortoiseGit\bin;D:\gradle-2.14-bin\gradle-2.14\bin;C:\Users\Administrator\AppData\Local\Microsoft\WindowsApps
USERNAME=Administrator
DISPLAY=:0.0
LC_ALL=en_US.UTF-8
OS=Windows_NT
PROCESSOR_IDENTIFIER=Intel64 Family 6 Model 142 Stepping 10, GenuineIntel



---------------  S Y S T E M  ---------------

OS: Windows 10 , 64 bit Build 19041 (10.0.19041.5915)
OS uptime: 21 days 1:20 hours

CPU:total 8 (initial active 8) (4 cores per cpu, 2 threads per core) family 6 model 142 stepping 10 microcode 0xb4, cmov, cx8, fxsr, mmx, sse, sse2, sse3, ssse3, sse4.1, sse4.2, popcnt, avx, avx2, aes, clmul, erms, 3dnowpref, lzcnt, ht, tsc, tscinvbit, bmi1, bmi2, adx, fma

Memory: 4k page, system-wide physical 8075M (470M free)
TotalPageFile size 23135M (AvailPageFile size 71M)
current process WorkingSet (physical memory assigned to process): 11M, peak: 11M
current process commit charge ("private bytes"): 60M, peak: 187M

vm_info: OpenJDK 64-Bit Server VM (11.0.13+7-b1751.25) for windows-amd64 JRE (11.0.13+7-b1751.25), built on Jan 13 2022 20:47:27 by "" with MS VC++ 14.0 (VS2015)

END.
